Renesas Optimizing Linker (W2.08.00 )             09-Oct-2019 19:09:08

*** Options ***

-subcommand=DefaultBuild\halfmouse.clnk
-library=DefaultBuild\halfmouse.lib
-input=DefaultBuild\dbsct.obj
-input=DefaultBuild\halfmouse.obj
-input=DefaultBuild\intprg.obj
-input=DefaultBuild\resetprg.obj
-input=DefaultBuild\sbrk.obj
-input=DefaultBuild\vecttbl.obj
-input=DefaultBuild\init.obj
-input=DefaultBuild\hal.obj
-input=DefaultBuild\parameters.obj
-input=DefaultBuild\lowlvl.obj
-input=DefaultBuild\lowsrc.obj
-noprelink
-output=DefaultBuild\halfmouse.abs
-list=DefaultBuild\halfmouse.map
-nooptimize
-start=B_1,R_1,B_2,R_2,B,R,SU,SI/04,PResetPRG/0FFF80000,C_1,C_2,C,C$DSEC,C$BSEC,C$INIT,C$VTBL,C$VECT,D_1,D_2,D,P,PIntPRG,W_1,W_2,W,L/0FFF80100,FIXEDVECT/0FFFFFFD0
-rom=D=R,D_1=R_1,D_2=R_2
-nologo
-end

*** Error information ***

*** Mapping List ***

SECTION                            START      END         SIZE   ALIGN
B_1
                                  00000004  0000002e        2b   1
R_1
                                  0000002f  00000081        53   1
B_2
                                  00000082  0000008b         a   2
R_2
                                  0000008c  00000097         c   2
B
                                  00000098  00000593       4fc   4
R
                                  00000594  00000867       2d4   4
SU
                                  00000868  00000967       100   4
SI
                                  00000968  00000c67       300   4
PResetPRG
                                  fff80000  fff80034        35   1
C_1
                                  fff80100  fff801d1        d2   1
C_2
                                  fff801d2  fff803d3       202   2
C
                                  fff803d4  fff81c53      1880   4
C$DSEC
                                  fff81c54  fff81c77        24   4
C$BSEC
                                  fff81c78  fff81c8f        18   4
C$INIT
                                  fff81c90  fff81c90         0   1
C$VTBL
                                  fff81c90  fff81c90         0   1
C$VECT
                                  fff81c90  fff8208f       400   4
D_1
                                  fff82090  fff820e2        53   1
D_2
                                  fff820e4  fff820ef         c   2
D
                                  fff820f0  fff823c3       2d4   4
P
                                  fff823c4  fff85657      3294   1
PIntPRG
                                  fff85658  fff85819       1c2   1
W_1
                                  fff8581a  fff85839        20   1
W_2
                                  fff8583a  fff85859        20   2
W
                                  fff8585c  fff8585c         0   4
L
                                  fff8585c  fff85bd4       379   4
$ADDR_C_FFFFFF80
                                  ffffff80  ffffff83         4   1
$ADDR_C_FFFFFFA0
                                  ffffffa0  ffffffaf        10   1
FIXEDVECT
                                  ffffffd0  ffffffff        30   4
