Renesas Optimizing Linker (W2.08.00 )             12-Oct-2019 22:45:31

*** Options ***

-subcommand=DefaultBuild\halfmouse.clnk
-library=DefaultBuild\halfmouse.lib
-input=DefaultBuild\dbsct.obj
-input=DefaultBuild\halfmouse.obj
-input=DefaultBuild\intprg.obj
-input=DefaultBuild\resetprg.obj
-input=DefaultBuild\sbrk.obj
-input=DefaultBuild\vecttbl.obj
-input=DefaultBuild\init.obj
-input=DefaultBuild\hal.obj
-input=DefaultBuild\parameters.obj
-input=DefaultBuild\lowlvl.obj
-input=DefaultBuild\lowsrc.obj
-input=DefaultBuild\system.obj
-input=DefaultBuild\search.obj
-input=DefaultBuild\mode.obj
-input=DefaultBuild\map_cmd.obj
-input=DefaultBuild\hal_dist.obj
-input=DefaultBuild\DataFlash.obj
-noprelink
-output=DefaultBuild\halfmouse.abs
-list=DefaultBuild\halfmouse.map
-nooptimize
-start=B_1,R_1,B_2,R_2,B,R,SU,SI/04,PResetPRG/0FFF80000,C_1,C_2,C,C$DSEC,C$BSEC,C$INIT,C$VTBL,C$VECT,D_1,D_2,D,P,PIntPRG,W_1,W_2,W,L/0FFF80100,FIXEDVECT/0FFFFFFD0
-rom=D=R,D_1=R_1,D_2=R_2
-nologo
-end

*** Error information ***

*** Mapping List ***

SECTION                            START      END         SIZE   ALIGN
B_1
                                  00000004  00003132      312f   1
R_1
                                  00003133  00003189        57   1
B_2
                                  0000318a  000033df       256   2
R_2
                                  000033e0  000033ff        20   2
B
                                  00003400  0000f4ef      c0f0   4
R
                                  0000f4f0  0000f83f       350   4
SU
                                  0000f840  0000f93f       100   4
SI
                                  0000f940  0000fc3f       300   4
PResetPRG
                                  fff80000  fff80034        35   1
C_1
                                  fff80100  fff801d1        d2   1
C_2
                                  fff801d2  fff803d3       202   2
C
                                  fff803d4  fff81efb      1b28   4
C$DSEC
                                  fff81efc  fff81f1f        24   4
C$BSEC
                                  fff81f20  fff81f37        18   4
C$INIT
                                  fff81f38  fff81f38         0   1
C$VTBL
                                  fff81f38  fff81f38         0   1
C$VECT
                                  fff81f38  fff82337       400   4
D_1
                                  fff82338  fff8238e        57   1
D_2
                                  fff82390  fff823af        20   2
D
                                  fff823b0  fff826ff       350   4
P
                                  fff82700  fff89852      7153   1
PIntPRG
                                  fff89853  fff89a14       1c2   1
W_1
                                  fff89a15  fff89a61        4d   1
W_2
                                  fff89a62  fff89a9f        3e   2
W
                                  fff89aa0  fff89aa0         0   4
L
                                  fff89aa0  fff89f48       4a9   4
$ADDR_C_FFFFFF80
                                  ffffff80  ffffff83         4   1
$ADDR_C_FFFFFFA0
                                  ffffffa0  ffffffaf        10   1
FIXEDVECT
                                  ffffffd0  ffffffff        30   4
