Renesas Optimizing Linker (W2.08.00 )             25-Nov-2019 21:08:36

*** Options ***

-subcommand=DefaultBuild\halfmouse.clnk
-library=DefaultBuild\halfmouse.lib
-input=DefaultBuild\dbsct.obj
-input=DefaultBuild\halfmouse.obj
-input=DefaultBuild\intprg.obj
-input=DefaultBuild\resetprg.obj
-input=DefaultBuild\sbrk.obj
-input=DefaultBuild\vecttbl.obj
-input=DefaultBuild\init.obj
-input=DefaultBuild\hal.obj
-input=DefaultBuild\parameters.obj
-input=DefaultBuild\lowlvl.obj
-input=DefaultBuild\lowsrc.obj
-input=DefaultBuild\system.obj
-input=DefaultBuild\search.obj
-input=DefaultBuild\mode.obj
-input=DefaultBuild\map_cmd.obj
-input=DefaultBuild\hal_dist.obj
-input=DefaultBuild\DataFlash.obj
-noprelink
-output=DefaultBuild\halfmouse.abs
-list=DefaultBuild\halfmouse.map
-nooptimize
-start=B_1,R_1,B_2,R_2,B,R,SU,SI/04,PResetPRG/0FFF80000,C_1,C_2,C,C$DSEC,C$BSEC,C$INIT,C$VTBL,C$VECT,D_1,D_2,D,P,PIntPRG,W_1,W_2,W,L/0FFF80100,FIXEDVECT/0FFFFFFD0
-rom=D=R,D_1=R_1,D_2=R_2
-nologo
-end

*** Error information ***

*** Mapping List ***

SECTION                            START      END         SIZE   ALIGN
B_1
                                  00000004  00003436      3433   1
R_1
                                  00003437  00003491        5b   1
B_2
                                  00003492  00003ce7       856   2
R_2
                                  00003ce8  00003d07        20   2
B
                                  00003d08  000067ff      2af8   4
R
                                  00006800  00006b4f       350   4
SU
                                  00006b50  00006c4f       100   4
SI
                                  00006c50  00006f4f       300   4
PResetPRG
                                  fff80000  fff80034        35   1
C_1
                                  fff80100  fff801d1        d2   1
C_2
                                  fff801d2  fff803d3       202   2
C
                                  fff803d4  fff81efb      1b28   4
C$DSEC
                                  fff81efc  fff81f1f        24   4
C$BSEC
                                  fff81f20  fff81f37        18   4
C$INIT
                                  fff81f38  fff81f38         0   1
C$VTBL
                                  fff81f38  fff81f38         0   1
C$VECT
                                  fff81f38  fff82337       400   4
D_1
                                  fff82338  fff82392        5b   1
D_2
                                  fff82394  fff823b3        20   2
D
                                  fff823b4  fff82703       350   4
P
                                  fff82704  fff8a9d5      82d2   1
PIntPRG
                                  fff8a9d6  fff8ab9b       1c6   1
W_1
                                  fff8ab9c  fff8abd8        3d   1
W_2
                                  fff8abda  fff8ac37        5e   2
W
                                  fff8ac38  fff8ac38         0   4
L
                                  fff8ac38  fff8b168       531   4
$ADDR_C_FFFFFF80
                                  ffffff80  ffffff83         4   1
$ADDR_C_FFFFFFA0
                                  ffffffa0  ffffffaf        10   1
FIXEDVECT
                                  ffffffd0  ffffffff        30   4
